###############################################################################
#
# IAR ELF Linker V8.40.2.214/W32 for ARM                  18/Dec/2019  14:20:03
# Copyright 2007-2019 IAR Systems AB.
#
#    Output file  =
#        C:\Users\735_mdi\Documents\IAR_Projects\HelloWorldProject\Debug\Exe\HelloWorld.out
#    Map file     =
#        C:\Users\735_mdi\Documents\IAR_Projects\HelloWorldProject\Debug\List\HelloWorld.map
#    Command line =
#        -f C:\Users\735_mdi\AppData\Local\Temp\EWA03F.tmp
#        (C:\Users\735_mdi\Documents\IAR_Projects\HelloWorldProject\Debug\Obj\main.o
#        --no_out_extension -o
#        C:\Users\735_mdi\Documents\IAR_Projects\HelloWorldProject\Debug\Exe\HelloWorld.out
#        --redirect _Printf=_PrintfFullNoMb --redirect _Scanf=_ScanfFullNoMb
#        --map
#        C:\Users\735_mdi\Documents\IAR_Projects\HelloWorldProject\Debug\List\HelloWorld.map
#        --config "C:\Program Files (x86)\IAR Systems\Embedded Workbench
#        8.3\arm\config\linker\Milandr\MDR32F1.icf" --semihosting --entry
#        __iar_program_start --vfe --text_out locale)
#
###############################################################################

*******************************************************************************
*** RUNTIME MODEL ATTRIBUTES
***

CppFlavor                     = *
__CPP_Exceptions              = Disabled
__CPP_Language                = C++14
__Heap_Handler                = Basic
__SystemLibrary               = DLib
__dlib_dynamic_initialization = normal
__dlib_version                = 6


*******************************************************************************
*** HEAP SELECTION
***

The basic heap was selected because some modules are built with
size limitations (and not runtime checking), and --advanced_heap
was not specified.


*******************************************************************************
*** PLACEMENT SUMMARY
***

"A0":  place at address 0x800'0000 { ro section .intvec };
"P1":  place in [from 0x800'0000 to 0x801'ffff] { ro };
define block CSTACK with size = 4K, alignment = 8 { };
define block PROC_STACK with size = 0, alignment = 8 { };
define block HEAP with size = 8K, alignment = 8 { };
"P2":  place in [from 0x2000'0000 to 0x2000'7fff] {
          rw, block CSTACK, block PROC_STACK, block HEAP };
initialize by copy { rw };

  Section                Kind         Address    Size  Object
  -------                ----         -------    ----  ------
"A0":                                            0x40
  .intvec                ro code   0x800'0000    0x40  vector_table_M.o [5]
                                 - 0x800'0040    0x40

"P1":                                          0x3c2c
  .text                  ro code   0x800'0040   0xfaa  xprintffull_nomb.o [2]
  .text                  ro code   0x800'0fea    0x3a  zero_init3.o [5]
  .text                  ro code   0x800'1024    0x16  strchr.o [5]
  .text                  ro code   0x800'103a    0x2e  copy_init3.o [5]
  .text                  ro code   0x800'1068    0x40  xfail_s.o [2]
  .text                  ro code   0x800'10a8    0x36  strlen.o [5]
  .text                  ro code   0x800'10de     0xa  xsprout.o [2]
  .text                  ro code   0x800'10e8    0x58  memchr.o [5]
  .text                  ro code   0x800'1140    0x76  ABImemcpy_unaligned.o [5]
  .text                  ro code   0x800'11b6     0x6  iostream_cout.o [3]
  .text                  ro code   0x800'11bc    0x70  frexp.o [4]
  .text                  ro code   0x800'122c    0x2e  DblCmpLe.o [4]
  .rodata                const     0x800'125a     0x2  main.o [1]
  .text                  ro code   0x800'125c    0x2e  DblCmpGe.o [4]
  .text                  ro code   0x800'128a     0x2  iostream_cout.o [3]
  .text                  ro code   0x800'128c   0x13a  ldexp.o [4]
  .text                  ro code   0x800'13c6     0x2  iostream_cout.o [3]
  .text                  ro code   0x800'13c8    0x3a  DblToS32.o [4]
  .text                  ro code   0x800'1402     0x2  vector_table_M.o [5]
  .text                  ro code   0x800'1404    0x22  S32ToDbl.o [4]
  .rodata                const     0x800'1426     0x1  main.o [1]
  .rodata                const     0x800'1427     0x1  main.o [1]
  .text                  ro code   0x800'1428    0xe2  DblSub.o [4]
  .rodata                const     0x800'150a     0x1  unwind_debug.o [6]
  .text                  ro code   0x800'150c   0x246  DblDiv.o [4]
  .text                  ro code   0x800'1754    0x28  DblToU32.o [4]
  .text                  ro code   0x800'177c    0x1a  U32ToDbl.o [4]
  .text                  ro code   0x800'1798   0x1a2  DblMul.o [4]
  .text                  ro code   0x800'193c   0x230  I64DivMod.o [5]
  .text                  ro code   0x800'1b6c     0x6  abort.o [2]
  .text                  ro code   0x800'1b74   0x16a  DblAdd.o [4]
  .text                  ro code   0x800'1ce0     0x2  I64DivZer.o [5]
  .text                  ro code   0x800'1ce4    0x14  exit.o [6]
  .text                  ro code   0x800'1cf8    0x7c  iarttio.o [6]
  .text                  ro code   0x800'1d74    0x3c  XShttio.o [2]
  .text                  ro code   0x800'1db0   0x2ac  main.o [1]
  .text                  ro code   0x800'205c     0x4  main.o [1]
  .text                  ro code   0x800'2060     0x6  main.o [1]
  .text                  ro code   0x800'2066    0x22  strcspn.o [2]
  .text                  ro code   0x800'2088    0x20  main.o [1]
  .text                  ro code   0x800'20a8     0x6  main.o [1]
  .text                  ro code   0x800'20ae    0x2a  main.o [1]
  .text                  ro code   0x800'20d8     0xc  main.o [1]
  .text                  ro code   0x800'20e4    0x12  main.o [1]
  .text                  ro code   0x800'20f8    0x30  main.o [1]
  .text                  ro code   0x800'2128     0xa  main.o [1]
  .text                  ro code   0x800'2132     0xa  main.o [1]
  .text                  ro code   0x800'213c    0x96  main.o [1]
  .text                  ro code   0x800'21d2     0xa  main.o [1]
  .text                  ro code   0x800'21dc     0xc  main.o [1]
  .text                  ro code   0x800'21e8     0xa  main.o [1]
  .text                  ro code   0x800'21f2     0x4  main.o [1]
  .text                  ro code   0x800'21f6    0x2e  main.o [1]
  .text                  ro code   0x800'2224    0x2e  main.o [1]
  .text                  ro code   0x800'2252     0x8  main.o [1]
  .text                  ro code   0x800'225a    0x12  main.o [1]
  .text                  ro code   0x800'226c    0x18  main.o [1]
  .text                  ro code   0x800'2284     0x8  main.o [1]
  .text                  ro code   0x800'228c    0x7a  main.o [1]
  .text                  ro code   0x800'2306    0x3a  main.o [1]
  .text                  ro code   0x800'2340     0xc  main.o [1]
  .text                  ro code   0x800'234c    0x18  main.o [1]
  .text                  ro code   0x800'2364     0xa  cxxabi.o [3]
  .text                  ro code   0x800'236e     0xa  main.o [1]
  .text                  ro code   0x800'2378    0x7a  main.o [1]
  .text                  ro code   0x800'23f2    0x12  main.o [1]
  .text                  ro code   0x800'2404    0x2a  main.o [1]
  .text                  ro code   0x800'242e    0x28  main.o [1]
  .text                  ro code   0x800'2456     0xc  main.o [1]
  .text                  ro code   0x800'2462     0xa  main.o [1]
  .text                  ro code   0x800'246c     0x2  main.o [1]
  .text                  ro code   0x800'246e    0x2e  main.o [1]
  .text                  ro code   0x800'249c     0x2  main.o [1]
  .text                  ro code   0x800'249e     0x8  main.o [1]
  .text                  ro code   0x800'24a8    0x18  main.o [1]
  .text                  ro code   0x800'24c0     0xa  main.o [1]
  .text                  ro code   0x800'24ca     0x8  main.o [1]
  .text                  ro code   0x800'24d2     0x8  main.o [1]
  .text                  ro code   0x800'24da     0x8  main.o [1]
  .text                  ro code   0x800'24e2     0x8  main.o [1]
  .text                  ro code   0x800'24ea    0x12  main.o [1]
  .text                  ro code   0x800'24fc     0x8  main.o [1]
  .text                  ro code   0x800'2504     0x8  main.o [1]
  .text                  ro code   0x800'250c    0x12  main.o [1]
  .text                  ro code   0x800'251e     0x8  main.o [1]
  .text                  ro code   0x800'2528    0xa0  cppinit.o [2]
  .text                  ro code   0x800'25c8    0x18  main.o [1]
  .text                  ro code   0x800'25e0    0xd6  main.o [1]
  .text                  ro code   0x800'26b8    0x78  ABImemmove_unaligned.o [5]
  .text                  ro code   0x800'2730     0x6  main.o [1]
  .text                  ro code   0x800'2736    0x10  main.o [1]
  .text                  ro code   0x800'2746     0x8  main.o [1]
  .text                  ro code   0x800'274e    0x12  main.o [1]
  .text                  ro code   0x800'2760    0x32  main.o [1]
  .text                  ro code   0x800'2792    0x12  main.o [1]
  .text                  ro code   0x800'27a4     0xc  main.o [1]
  .text                  ro code   0x800'27b0    0x1c  main.o [1]
  .text                  ro code   0x800'27cc     0x2  main.o [1]
  .text                  ro code   0x800'27ce     0x8  main.o [1]
  .text                  ro code   0x800'27d6     0x2  main.o [1]
  .text                  ro code   0x800'27d8     0xc  main.o [1]
  .text                  ro code   0x800'27e4     0x2  main.o [1]
  .text                  ro code   0x800'27e8    0x28  main.o [1]
  .text                  ro code   0x800'2810     0x8  main.o [1]
  .text                  ro code   0x800'2818     0x8  main.o [1]
  .text                  ro code   0x800'2820     0x8  main.o [1]
  .text                  ro code   0x800'2828     0x2  main.o [1]
  .text                  ro code   0x800'282a    0x18  main.o [1]
  .text                  ro code   0x800'2844    0x66  ABImemset.o [5]
  .text                  ro code   0x800'28aa     0x2  main.o [1]
  .text                  ro code   0x800'28ac    0x18  main.o [1]
  .text                  ro code   0x800'28c4     0xe  main.o [1]
  .text                  ro code   0x800'28d2     0x4  main.o [1]
  .text                  ro code   0x800'28d6     0x2  main.o [1]
  .text                  ro code   0x800'28d8     0x8  main.o [1]
  .text                  ro code   0x800'28e0     0xa  main.o [1]
  .text                  ro code   0x800'28ea     0x2  main.o [1]
  .text                  ro code   0x800'28ec     0x8  main.o [1]
  .text                  ro code   0x800'28f4    0x70  main.o [1]
  .text                  ro code   0x800'2964     0x4  main.o [1]
  .text                  ro code   0x800'2968     0x2  main.o [1]
  .text                  ro code   0x800'296a     0x8  main.o [1]
  .text                  ro code   0x800'2972     0xe  main.o [1]
  .text                  ro code   0x800'2980     0x2  main.o [1]
  .text                  ro code   0x800'2982    0x18  main.o [1]
  .text                  ro code   0x800'299a     0x2  main.o [1]
  .text                  ro code   0x800'299c     0xa  delop_0.o [3]
  .text                  ro code   0x800'29a6    0x34  main.o [1]
  .text                  ro code   0x800'29da    0x1a  main.o [1]
  .text                  ro code   0x800'29f4     0x6  main.o [1]
  .text                  ro code   0x800'29fa    0x12  main.o [1]
  .text                  ro code   0x800'2a0c    0x20  main.o [1]
  .text                  ro code   0x800'2a2c     0x4  heaptramp0.o [2]
  .text                  ro code   0x800'2a30   0x138  heap0.o [2]
  .text                  ro code   0x800'2b68    0x24  newop_0.o [3]
  .text                  ro code   0x800'2b8c     0x4  main.o [1]
  .text                  ro code   0x800'2b90    0x2c  xgetmemchunk.o [2]
  .text                  ro code   0x800'2bbc     0x4  nomemory.o [3]
  .text                  ro code   0x800'2bc0   0x18c  main.o [1]
  .text                  ro code   0x800'2d4c     0x4  main.o [1]
  .text                  ro code   0x800'2d50    0x20  DblCmpEq.o [4]
  .text                  ro code   0x800'2d70    0xd2  main.o [1]
  .text                  ro code   0x800'2e44    0x40  sprintf.o [2]
  .text                  ro code   0x800'2e84   0x104  ios.o [3]
  .text                  ro code   0x800'2f88     0x4  delop4_0.o [3]
  .text                  ro code   0x800'2f8c    0xa8  main.o [1]
  .text                  ro code   0x800'3034    0x72  main.o [1]
  .text                  ro code   0x800'30a6     0x4  main.o [1]
  .text                  ro code   0x800'30ac    0x20  main.o [1]
  .text                  ro code   0x800'30cc     0x6  main.o [1]
  .text                  ro code   0x800'30d2     0x4  main.o [1]
  .text                  ro code   0x800'30d6     0x8  main.o [1]
  .text                  ro code   0x800'30e0    0x48  FltToDbl.o [4]
  .text                  ro code   0x800'3128    0x20  main.o [1]
  .text                  ro code   0x800'3148     0x4  main.o [1]
  .text                  ro code   0x800'314c     0x8  main.o [1]
  .text                  ro code   0x800'3154    0x28  main.o [1]
  .text                  ro code   0x800'317c     0xe  main.o [1]
  .text                  ro code   0x800'318a     0x8  main.o [1]
  .text                  ro code   0x800'3192    0x14  main.o [1]
  .text                  ro code   0x800'31a6     0x4  main.o [1]
  .text                  ro code   0x800'31aa    0x54  main.o [1]
  .text                  ro code   0x800'3200    0x18  main.o [1]
  .text                  ro code   0x800'3218     0x4  main.o [1]
  .text                  ro code   0x800'321c    0x18  main.o [1]
  .text                  ro code   0x800'3234     0x8  main.o [1]
  .text                  ro code   0x800'323c    0x28  main.o [1]
  .text                  ro code   0x800'3264     0xa  main.o [1]
  .text                  ro code   0x800'326e    0x14  main.o [1]
  .text                  ro code   0x800'3282     0x8  main.o [1]
  .text                  ro code   0x800'328a     0x8  main.o [1]
  .text                  ro code   0x800'3292    0x54  main.o [1]
  .text                  ro code   0x800'32e6     0x8  main.o [1]
  .text                  ro code   0x800'32f0     0xc  main.o [1]
  .text                  ro code   0x800'32fc    0x48  main.o [1]
  .text                  ro code   0x800'3344    0x46  main.o [1]
  .text                  ro code   0x800'338c    0xa4  rand.o [2]
  .text                  ro code   0x800'3430    0x90  iostream_cout.o [3]
  .text                  ro code   0x800'34c0    0x5c  iostream_cout.o [3]
  .text                  ro code   0x800'351c    0x7c  main.o [1]
  .text                  ro code   0x800'3598    0x22  main.o [1]
  .text                  ro code   0x800'35ba    0x6c  main.o [1]
  .text                  ro code   0x800'3628    0x7c  main.o [1]
  .text                  ro code   0x800'36a4    0x24  S32ToFlt.o [4]
  .text                  ro code   0x800'36c8    0x24  FltCmpLe.o [4]
  .text                  ro code   0x800'36ec     0x6  main.o [1]
  .text                  ro code   0x800'36f2    0x18  system.o [6]
  .text                  ro code   0x800'370a    0x76  main.o [1]
  .text                  ro code   0x800'3780    0x52  main.o [1]
  .text                  ro code   0x800'37d2    0x32  main.o [1]
  .rodata                const     0x800'3804    0x44  iostream_cout.o [3]
  .rodata                const     0x800'3848    0x44  iostream_cout.o [3]
  .text                  ro code   0x800'388c    0x38  iostream_cout.o [3]
  .text                  ro code   0x800'38c4    0x20  putchar.o [2]
  .text                  ro code   0x800'38e4    0x10  write.o [6]
  .text                  ro code   0x800'38f4    0x1e  dwrite.o [6]
  .text                  ro code   0x800'3912    0x20  iarwstd.o [6]
  .text                  ro code   0x800'3932    0x22  iarwrite.o [6]
  .rodata                const     0x800'3954    0x30  main.o [1]
  .rodata                const     0x800'3984    0x30  main.o [1]
  .text                  ro code   0x800'39b4    0x2e  main.o [1]
  .text                  ro code   0x800'39e2    0x12  main.o [1]
  .rodata                const     0x800'39f4    0x28  iostream_cout.o [3]
  .text                  ro code   0x800'3a1c    0x28  data_init.o [5]
  .rodata                const     0x800'3a44    0x24  main.o [1]
  .rodata                const     0x800'3a68    0x24  main.o [1]
  .text                  ro code   0x800'3a8c    0x24  main.o [1]
  .text                  ro code   0x800'3ab0    0x18  main.o [1]
  .text                  ro code   0x800'3ac8    0x12  main.o [1]
  .iar.init_table        const     0x800'3adc    0x28  - Linker created -
  .text                  ro code   0x800'3b04    0x20  cmain_call_ctors.o [5]
  .text                  ro code   0x800'3b24    0x1e  cmain.o [5]
  .text                  ro code   0x800'3b42     0x4  low_level_init.o [2]
  .text                  ro code   0x800'3b46     0x4  exit.o [2]
  .text                  ro code   0x800'3b4c     0xe  cexit.o [5]
  .text                  ro code   0x800'3b5c    0x18  main.o [1]
  .text                  ro code   0x800'3b74    0x18  main.o [1]
  .text                  ro code   0x800'3b8c     0x4  delaop_0.o [3]
  .text                  ro code   0x800'3b90    0x14  iostream_cout.o [3]
  .rodata                const     0x800'3ba4    0x10  main.o [1]
  .rodata                const     0x800'3bb4    0x10  main.o [1]
  .rodata                const     0x800'3bc4    0x10  ios.o [3]
  .rodata                const     0x800'3bd4    0x10  iostream_cout.o [3]
  Initializer bytes      const     0x800'3be4    0x10  <for P2-1>
  .text                  ro code   0x800'3bf4     0xe  main.o [1]
  .text                  ro code   0x800'3c02     0x8  main.o [1]
  .text                  ro code   0x800'3c0a     0xe  iostream_cout.o [3]
  .text                  ro code   0x800'3c18     0xc  cstartup_M.o [5]
  .text                  ro code   0x800'3c24     0xa  main.o [1]
  .rodata                const     0x800'3c30     0x8  main.o [1]
  .rodata                const     0x800'3c38     0x8  main.o [1]
  .rodata                const     0x800'3c40     0x8  main.o [1]
  .rodata                const     0x800'3c48     0x8  xprintffull_nomb.o [2]
  SHT$$PREINIT_ARRAY               0x800'3c50     0x4  <Block>
    .preinit_array       const     0x800'3c50     0x4  iostream_cout.o [3]
  SHT$$INIT_ARRAY                  0x800'3c54     0x4  <Block>
    .init_array          const     0x800'3c54     0x4  ios.o [3]
  __iar_tls$$INIT_ARRAY            0x800'3c58     0x0  <Block>
  .rodata                const     0x800'3c58     0x4  main.o [1]
  .rodata                const     0x800'3c5c     0x4  main.o [1]
  .text                  ro code   0x800'3c60     0x4  main.o [1]
  .text                  ro code   0x800'3c64     0x4  main.o [1]
  .text                  ro code   0x800'3c68     0x4  iostream_cout.o [3]
  .text                  ro code   0x800'3c6c     0x0  cstart_call_dtors.o [5]
  .rodata                const     0x800'3c6c     0x0  zero_init3.o [5]
  .rodata                const     0x800'3c6c     0x0  copy_init3.o [5]
                                 - 0x800'3c6c  0x3c2c

"P2", part 1 of 3:                               0x10
  P2-1                            0x2000'0000    0x10  <Init block>
    .data                inited   0x2000'0000     0x8  rand.o [2]
    .data                inited   0x2000'0008     0x8  XShttio.o [2]
                                - 0x2000'0010    0x10

"P2", part 2 of 3:                              0x174
  .bss                   zero     0x2000'0010    0x84  rand.o [2]
  .bss                   zero     0x2000'0094    0x70  iostream_cout.o [3]
  .bss                   zero     0x2000'0104    0x34  ios.o [3]
  .bss                   zero     0x2000'0138    0x14  main.o [1]
  .bss                   zero     0x2000'014c     0x4  main.o [1]
  .bss                   zero     0x2000'0150    0x10  ios.o [3]
  .bss                   zero     0x2000'0160     0x8  heap0.o [2]
  .bss                   zero     0x2000'0168     0x4  main.o [1]
  .bss                   zero     0x2000'016c     0x4  cppinit.o [2]
  .bss                   zero     0x2000'0170     0x4  cppinit.o [2]
  .bss                   zero     0x2000'0174     0x4  new.o [3]
  .bss                   zero     0x2000'0178     0x4  xfail_s.o [2]
  .bss                   zero     0x2000'017c     0x4  xgetmemchunk.o [2]
  .bss                   zero     0x2000'0180     0x1  main.o [1]
  .bss                   zero     0x2000'0181     0x1  main.o [1]
  .bss                   zero     0x2000'0182     0x1  main.o [1]
  .bss                   zero     0x2000'0183     0x1  XShttio.o [2]
                                - 0x2000'0184   0x174

"P2", part 3 of 3:                             0x31a4
  .iar.dynexit                    0x2000'0184   0x1a4  <Block>
    .iar.dynexit         uninit   0x2000'0184     0xc  cppinit.o [2]
    .iar.dynexit         uninit   0x2000'0190   0x198  <Block tail>
  CSTACK                          0x2000'0328  0x1000  <Block>
    CSTACK               uninit   0x2000'0328  0x1000  <Block tail>
  HEAP                            0x2000'1328  0x2000  <Block>
    HEAP                 uninit   0x2000'1328  0x2000  <Block tail>
                                - 0x2000'3328  0x31a4

Unused ranges:

         From           To      Size
         ----           --      ----
   0x800'3c6c   0x801'ffff  0x1'c394
  0x2000'3328  0x2000'7fff    0x4cd8


*******************************************************************************
*** INIT TABLE
***

          Address      Size
          -------      ----
Zero (__iar_zero_init3)
    1 destination range, total size 0x174:
          0x2000'0010  0x174

Copy (__iar_copy_init3)
    1 source range, total size 0x10:
           0x800'3be4   0x10
    1 destination range, total size 0x10:
          0x2000'0000   0x10

Extra (__iar_cstart_call_ctors)



*******************************************************************************
*** MODULE SUMMARY
***

    Module                  ro code  ro data  rw data
    ------                  -------  -------  -------
command line/config:
    -------------------------------------------------
    Total:

C:\Users\735_mdi\Documents\IAR_Projects\HelloWorldProject\Debug\Obj: [1]
    main.o                    5'180      236       31
    -------------------------------------------------
    Total:                    5'180      236       31

dl7M_tln.a: [2]
    XShttio.o                    60        8        9
    abort.o                       6
    cppinit.o                   160                20
    exit.o                        4
    heap0.o                     312                 8
    heaptramp0.o                  4
    low_level_init.o              4
    putchar.o                    32
    rand.o                      164        8      140
    sprintf.o                    64
    strcspn.o                    34
    xfail_s.o                    64                 4
    xgetmemchunk.o               44                 4
    xprintffull_nomb.o        4'010        8
    xsprout.o                    10
    -------------------------------------------------
    Total:                    4'972       24      185

dlpp7M_tl_nc.a: [3]
    cxxabi.o                     10
    delaop_0.o                    4
    delop4_0.o                    4
    delop_0.o                    10
    ios.o                       260       20       68
    iostream_cout.o             340      196      112
    new.o                                           4
    newop_0.o                    36
    nomemory.o                    4
    -------------------------------------------------
    Total:                      668      216      184

m7M_tl.a: [4]
    DblAdd.o                    362
    DblCmpEq.o                   32
    DblCmpGe.o                   46
    DblCmpLe.o                   46
    DblDiv.o                    582
    DblMul.o                    418
    DblSub.o                    226
    DblToS32.o                   58
    DblToU32.o                   40
    FltCmpLe.o                   36
    FltToDbl.o                   72
    S32ToDbl.o                   34
    S32ToFlt.o                   36
    U32ToDbl.o                   26
    frexp.o                     112
    ldexp.o                     314
    -------------------------------------------------
    Total:                    2'440

rt7M_tl.a: [5]
    ABImemcpy_unaligned.o       118
    ABImemmove_unaligned.o      120
    ABImemset.o                 102
    I64DivMod.o                 560
    I64DivZer.o                   2
    cexit.o                      14
    cmain.o                      30
    cmain_call_ctors.o           32
    copy_init3.o                 46
    cstart_call_dtors.o
    cstartup_M.o                 12
    data_init.o                  40
    memchr.o                     88
    strchr.o                     22
    strlen.o                     54
    vector_table_M.o             66
    zero_init3.o                 58
    -------------------------------------------------
    Total:                    1'364

shb_l.a: [6]
    dwrite.o                     30
    exit.o                       20
    iarttio.o                   124
    iarwrite.o                   34
    iarwstd.o                    32
    system.o                     24
    unwind_debug.o                         1
    write.o                      16
    -------------------------------------------------
    Total:                      280        1

    Gaps                         43        4
    Linker created                        40   12'696
-----------------------------------------------------
    Grand Total:             14'947      521   13'096


*******************************************************************************
*** ENTRY LIST
***

Entry                       Address   Size  Type      Object
-----                       -------   ----  ----      ------
.iar.dynexit$$Base      0x2000'0184          --   Gb  - Linker created -
.iar.dynexit$$Limit     0x2000'0328          --   Gb  - Linker created -
.iar.init_table$$Base    0x800'3adc          --   Gb  - Linker created -
.iar.init_table$$Limit   0x800'3b04          --   Gb  - Linker created -
?main                    0x800'3b25         Code  Gb  cmain.o [5]
Aldata                  0x2000'0160    0x8  Data  Lc  heap0.o [2]
CSTACK$$Base            0x2000'0328          --   Gb  - Linker created -
CSTACK$$Limit           0x2000'1328          --   Gb  - Linker created -
DtorRecArray            0x2000'0184    0xc  Data  Lc  cppinit.o [2]
HEAP$$Base              0x2000'1328          --   Gb  - Linker created -
HEAP$$Limit             0x2000'3328          --   Gb  - Linker created -
Initialization guard variable for std::ctype<char> const & std::use_facet<std::ctype<char>>()::_MyFacet
                        0x2000'0181    0x1  Data  Gb  main.o [1]
Initialization guard variable for std::num_put<char, std::ostreambuf_iterator<char, std::char_traits<char>>> const & std::use_facet<std::num_put<char, std::ostreambuf_iterator<char, std::char_traits<char>>>>()::_MyFacet
                        0x2000'0180    0x1  Data  Gb  main.o [1]
Initialization guard variable for std::numpunct<char> const & std::use_facet<std::numpunct<char>>()::_MyFacet
                        0x2000'0182    0x1  Data  Gb  main.o [1]
Region$$Table$$Base      0x800'3adc          --   Gb  - Linker created -
Region$$Table$$Limit     0x800'3b04          --   Gb  - Linker created -
SHT$$INIT_ARRAY$$Base    0x800'3c54          --   Gb  - Linker created -
SHT$$INIT_ARRAY$$Limit   0x800'3c58          --   Gb  - Linker created -
SHT$$PREINIT_ARRAY$$Base
                         0x800'3c50          --   Gb  - Linker created -
SHT$$PREINIT_ARRAY$$Limit
                         0x800'3c54          --   Gb  - Linker created -
Virtual function table for std::_Wrap_facet<std::ctype<char>>
                         0x800'3bb4   0x10  Data  Gb  main.o [1]
Virtual function table for std::_Wrap_facet<std::num_put<char, std::ostreambuf_iterator<char, std::char_traits<char>>>>
                         0x800'3984   0x30  Data  Gb  main.o [1]
Virtual function table for std::_Wrap_facet<std::numpunct<char>>
                         0x800'3a68   0x24  Data  Gb  main.o [1]
Virtual function table for std::__nobasic_filebuf<char, std::char_traits<char>>
                         0x800'3848   0x44  Data  Gb  iostream_cout.o [3]
Virtual function table for std::ctype<char>
                         0x800'3ba4   0x10  Data  Gb  main.o [1]
Virtual function table for std::ios
                         0x800'3bd4   0x10  Data  Gb  iostream_cout.o [3]
Virtual function table for std::ios_base
                         0x800'3bc4   0x10  Data  Gb  ios.o [3]
Virtual function table for std::num_put<char, std::ostreambuf_iterator<char, std::char_traits<char>>>
                         0x800'3954   0x30  Data  Gb  main.o [1]
Virtual function table for std::numpunct<char>
                         0x800'3a44   0x24  Data  Gb  main.o [1]
Virtual function table for std::ostream
                         0x800'39f4   0x28  Data  Gb  iostream_cout.o [3]
Virtual function table for std::streambuf
                         0x800'3804   0x44  Data  Gb  iostream_cout.o [3]
[local to ios_cpp]::std::stdopens
                        0x2000'0104    0xc  Data  Lc  ios.o [3]
[local to ios_cpp]::std::stdstr
                        0x2000'0110   0x28  Data  Lc  ios.o [3]
[local to iostream_cout_cpp]::std::__iarcoutguard
                        0x2000'00c0    0x1  Data  Lc  iostream_cout.o [3]
[local to iostream_cout_cpp]::std::fout
                        0x2000'00c4   0x40  Data  Lc  iostream_cout.o [3]
_LitobFullNoMb           0x800'0de5  0x10a  Code  Lc  xprintffull_nomb.o [2]
_PrintfFullNoMb          0x800'0041  0xd80  Code  Gb  xprintffull_nomb.o [2]
_PutcharFullNoMb         0x800'0f55   0x20  Code  Lc  xprintffull_nomb.o [2]
_PutcharsFullNoMb        0x800'0f75   0x2e  Code  Lc  xprintffull_nomb.o [2]
_Rand_idx               0x2000'0090    0x4  Data  Lc  rand.o [2]
_Rand_rv                0x2000'0010   0x80  Data  Lc  rand.o [2]
_Randinit               0x2000'0000    0x1  Data  Gb  rand.o [2]
_Randseed               0x2000'0004    0x4  Data  Gb  rand.o [2]
_SProut                  0x800'10df    0xa  Code  Gb  xsprout.o [2]
__aeabi_atexit           0x800'2365    0xa  Code  Gb  cxxabi.o [3]
__aeabi_cdcmpeq          0x800'2d51         Code  Gb  DblCmpEq.o [4]
__aeabi_cdcmple          0x800'122d         Code  Gb  DblCmpLe.o [4]
__aeabi_cdrcmple         0x800'125d         Code  Gb  DblCmpGe.o [4]
__aeabi_cfcmple          0x800'36c9         Code  Gb  FltCmpLe.o [4]
__aeabi_d2iz             0x800'13c9         Code  Gb  DblToS32.o [4]
__aeabi_d2uiz            0x800'1755         Code  Gb  DblToU32.o [4]
__aeabi_ddiv             0x800'150d         Code  Gb  DblDiv.o [4]
__aeabi_dmul             0x800'1799         Code  Gb  DblMul.o [4]
__aeabi_dsub             0x800'1429         Code  Gb  DblSub.o [4]
__aeabi_f2d              0x800'30e1         Code  Gb  FltToDbl.o [4]
__aeabi_i2d              0x800'1405         Code  Gb  S32ToDbl.o [4]
__aeabi_i2f              0x800'36a5         Code  Gb  S32ToFlt.o [4]
__aeabi_ldiv0            0x800'1ce1         Code  Gb  I64DivZer.o [5]
__aeabi_memset           0x800'2845         Code  Gb  ABImemset.o [5]
__aeabi_ui2d             0x800'177d         Code  Gb  U32ToDbl.o [4]
__aeabi_uldivmod         0x800'193d         Code  Gb  I64DivMod.o [5]
__basic_free             0x800'2adb   0x16  Code  Gb  heap0.o [2]
__basic_free_intern      0x800'2af1   0x74  Code  Lc  heap0.o [2]
__basic_malloc           0x800'2a31   0x18  Code  Gb  heap0.o [2]
__basic_malloc_intern    0x800'2a49   0x92  Code  Lc  heap0.o [2]
__call_ctors             0x800'2529   0x18  Code  Gb  cppinit.o [2]
__call_dtors             0x800'2577    0xc  Code  Gb  cppinit.o [2]
__call_dtors0            0x800'2583   0x36  Code  Gb  cppinit.o [2]
__cexit_call_dtors       0x800'3b4f         Code  Gb  cexit.o [5]
__cmain                  0x800'3b25         Code  Gb  cmain.o [5]
__cstart_call_dtors      0x800'3c6c         Data  Gb  cstart_call_dtors.o [5]
__cxa_atexit             0x800'2541   0x36  Code  Gb  cppinit.o [2]
__data_GetMemChunk       0x800'2b91   0x2c  Code  Gb  xgetmemchunk.o [2]
__data_GetMemChunk::start
                        0x2000'017c    0x4  Data  Lc  xgetmemchunk.o [2]
__dso_handle            0x2000'0170    0x4  Data  Gb  cppinit.o [2]
__dwrite                 0x800'38f5   0x1e  Code  Gb  dwrite.o [6]
__exit                   0x800'1ce5   0x14  Code  Gb  exit.o [6]
__iar_Fail_s             0x800'1069   0x1c  Code  Gb  xfail_s.o [2]
__iar_Memchr             0x800'10e9         Code  Gb  memchr.o [5]
__iar_Memset             0x800'2845         Code  Gb  ABImemset.o [5]
__iar_Memset_word        0x800'284d         Code  Gb  ABImemset.o [5]
__iar_Strchr             0x800'1025         Code  Gb  strchr.o [5]
__iar_close_ttio         0x800'1cf9   0x2c  Code  Gb  iarttio.o [6]
__iar_copy_init3         0x800'103b   0x2e  Code  Gb  copy_init3.o [5]
__iar_cstart_call_ctors
                         0x800'3b05   0x20  Code  Gb  cmain_call_ctors.o [5]
__iar_dadd               0x800'1439         Code  Gb  DblSub.o [4]
__iar_data_init3         0x800'3a1d   0x28  Code  Gb  data_init.o [5]
__iar_debug_exceptions   0x800'150a    0x1  Data  Gb  unwind_debug.o [6]
__iar_dsub               0x800'1b75         Code  Gb  DblAdd.o [4]
__iar_dsubStart          0x800'1b87         Code  Gb  DblAdd.o [4]
__iar_frexp              0x800'11c9         Code  Gb  frexp.o [4]
__iar_frexp64            0x800'11bd         Code  Gb  frexp.o [4]
__iar_frexpl             0x800'11c9         Code  Gb  frexp.o [4]
__iar_get_ttio           0x800'1d25   0x4c  Code  Gb  iarttio.o [6]
__iar_ldexp64            0x800'128d         Code  Gb  ldexp.o [4]
__iar_lookup_ttioh       0x800'1da3    0x4  Code  Gb  XShttio.o [2]
__iar_program_start      0x800'3c19         Code  Gb  cstartup_M.o [5]
__iar_scalbln64          0x800'128d         Code  Gb  ldexp.o [4]
__iar_scalbn64           0x800'128d         Code  Gb  ldexp.o [4]
__iar_sh_stdout          0x800'3913   0x20  Code  Gb  iarwstd.o [6]
__iar_sh_write           0x800'3933   0x22  Code  Gb  iarwrite.o [6]
__iar_tls$$INIT_ARRAY$$Base
                         0x800'3c58          --   Gb  - Linker created -
__iar_tls$$INIT_ARRAY$$Limit
                         0x800'3c58          --   Gb  - Linker created -
__iar_ttio_guard_lock    0x800'1d75   0x1e  Code  Gb  XShttio.o [2]
__iar_ttio_guard_unlock
                         0x800'1d93   0x10  Code  Gb  XShttio.o [2]
__iar_ttio_handles      0x2000'0008    0x8  Data  Lc  XShttio.o [2]
__iar_unaligned_memcpy   0x800'1141         Code  Gb  ABImemcpy_unaligned.o [5]
__iar_unaligned_memcpy4
                         0x800'1161         Code  Gb  ABImemcpy_unaligned.o [5]
__iar_unaligned_memcpy8
                         0x800'1161         Code  Gb  ABImemcpy_unaligned.o [5]
__iar_unaligned_memmove
                         0x800'26b9         Code  Gb  ABImemmove_unaligned.o [5]
__iar_unaligned_memmove4
                         0x800'26b9         Code  Gb  ABImemmove_unaligned.o [5]
__iar_unaligned_memmove8
                         0x800'26b9         Code  Gb  ABImemmove_unaligned.o [5]
__iar_zero_init3         0x800'0feb   0x3a  Code  Gb  zero_init3.o [5]
__low_level_init         0x800'3b43    0x4  Code  Gb  low_level_init.o [2]
__sti__routine           0x800'2e87    0xa  Code  Lc  ios.o [3]
__sti__routine           0x800'3431   0x90  Code  Lc  iostream_cout.o [3]
__vector_table           0x800'0000         Data  Gb  vector_table_M.o [5]
__write                  0x800'38e5   0x10  Code  Gb  write.o [6]
_call_main               0x800'3b31         Code  Gb  cmain.o [5]
_exit                    0x800'3b4d         Code  Gb  cexit.o [5]
_main                    0x800'3b3f         Code  Gb  cmain.o [5]
abort                    0x800'1b6d    0x6  Code  Gb  abort.o [2]
char * && std::forward<char *>(std::remove_reference<char *>::type &)
                         0x800'2981    0x2  Code  Gb  main.o [1]
char * std::_Addressof<char>(char &, std::integral_constant<bool, (bool)0>)
                         0x800'27d7    0x2  Code  Gb  main.o [1]
char * std::_Allocate<char>(unsigned int, char *, bool)
                         0x800'29fb   0x12  Code  Gb  main.o [1]
char * std::_Maklocstr<char>(char const *, char *)
                         0x800'29a7   0x34  Code  Gb  main.o [1]
char * std::addressof<char>(char &)
                         0x800'24e3    0x8  Code  Gb  main.o [1]
char std::_Maklocchr<char>(char, char *)
                         0x800'2965    0x4  Code  Gb  main.o [1]
const std::allocator<char>& && std::forward<const std::allocator<char>&>(std::remove_reference<const std::allocator<char>&>::type &)
                         0x800'28d7    0x2  Code  Gb  main.o [1]
exit                     0x800'3b47    0x4  Code  Gb  exit.o [2]
free                     0x800'2a2d    0x4  Code  Gb  heaptramp0.o [2]
frexp                    0x800'11bd         Code  Gb  frexp.o [4]
frexpl                   0x800'11bd         Code  Gb  frexp.o [4]
ldexp                    0x800'128d         Code  Gb  ldexp.o [4]
ldexpl                   0x800'128d         Code  Gb  ldexp.o [4]
main                     0x800'3629   0x7c  Code  Gb  main.o [1]
memchr                   0x800'10e9         Code  Gb  memchr.o [5]
next_abi_dtor_rec       0x2000'016c    0x4  Data  Lc  cppinit.o [2]
operator delete (void *)
                         0x800'299d    0xa  Code  Gb  delop_0.o [3]
operator delete (void *, unsigned int)
                         0x800'2f89    0x4  Code  Gb  delop4_0.o [3]
operator delete[] (void *)
                         0x800'3b8d    0x4  Code  Gb  delaop_0.o [3]
operator new (unsigned int)
                         0x800'2b69   0x24  Code  Gb  newop_0.o [3]
operator new (unsigned int, void *)
                         0x800'2b8d    0x4  Code  Gb  main.o [1]
putchar                  0x800'38c5   0x20  Code  Gb  putchar.o [2]
rand                     0x800'338d   0x94  Code  Gb  rand.o [2]
scalbln                  0x800'128d         Code  Gb  ldexp.o [4]
scalblnl                 0x800'128d         Code  Gb  ldexp.o [4]
scalbn                   0x800'128d         Code  Gb  ldexp.o [4]
scalbnl                  0x800'128d         Code  Gb  ldexp.o [4]
scale                    0x800'0eef   0x46  Code  Lc  xprintffull_nomb.o [2]
sec_hand                0x2000'0178    0x4  Data  Lc  xfail_s.o [2]
sprintf                  0x800'2e45   0x40  Code  Gb  sprintf.o [2]
std::_Compressed_pair<std::_Wrap_alloc<std::allocator<char>>, std::_String_val<std::_Simple_types<char>>, (bool)1>::_Compressed_pair<const std::allocator<char>&, >(std::_One_then_variadic_args_t, const std::allocator<char>& &&,  &&...)
                         0x800'27b1   0x1c  Code  Gb  main.o [1]
std::_Compressed_pair<std::_Wrap_alloc<std::allocator<char>>, std::_String_val<std::_Simple_types<char>>, (bool)1>::_Get_first()
                         0x800'27cd    0x2  Code  Gb  main.o [1]
std::_Compressed_pair<std::_Wrap_alloc<std::allocator<char>>, std::_String_val<std::_Simple_types<char>>, (bool)1>::_Get_first() const
                         0x800'2969    0x2  Code  Gb  main.o [1]
std::_Compressed_pair<std::_Wrap_alloc<std::allocator<char>>, std::_String_val<std::_Simple_types<char>>, (bool)1>::_Get_second()
                         0x800'27e5    0x2  Code  Gb  main.o [1]
std::_Compressed_pair<std::_Wrap_alloc<std::allocator<char>>, std::_String_val<std::_Simple_types<char>>, (bool)1>::_Get_second() const
                         0x800'28ab    0x2  Code  Gb  main.o [1]
std::_Fpz               0x2000'0150   0x10  Data  Gb  ios.o [3]
std::_NomemoryNothrow()
                         0x800'2bbd    0x4  Code  Gb  nomemory.o [3]
std::_String_alloc<std::_String_base_types<char, std::allocator<char>>>::_Bx()
                         0x800'24cb    0x8  Code  Gb  main.o [1]
std::_String_alloc<std::_String_base_types<char, std::allocator<char>>>::_Get_data()
                         0x800'2505    0x8  Code  Gb  main.o [1]
std::_String_alloc<std::_String_base_types<char, std::allocator<char>>>::_Get_data() const
                         0x800'2747    0x8  Code  Gb  main.o [1]
std::_String_alloc<std::_String_base_types<char, std::allocator<char>>>::_Getal()
                         0x800'24d3    0x8  Code  Gb  main.o [1]
std::_String_alloc<std::_String_base_types<char, std::allocator<char>>>::_Getal() const
                         0x800'2811    0x8  Code  Gb  main.o [1]
std::_String_alloc<std::_String_base_types<char, std::allocator<char>>>::_Myptr()
                         0x800'2341    0xc  Code  Gb  main.o [1]
std::_String_alloc<std::_String_base_types<char, std::allocator<char>>>::_Myptr() const
                         0x800'2457    0xc  Code  Gb  main.o [1]
std::_String_alloc<std::_String_base_types<char, std::allocator<char>>>::_Myres()
                         0x800'24c1    0xa  Code  Gb  main.o [1]
std::_String_alloc<std::_String_base_types<char, std::allocator<char>>>::_Mysize()
                         0x800'236f    0xa  Code  Gb  main.o [1]
std::_String_alloc<std::_String_base_types<char, std::allocator<char>>>::_Mysize() const
                         0x800'2463    0xa  Code  Gb  main.o [1]
std::_String_alloc<std::_String_base_types<char, std::allocator<char>>>::_String_alloc(const std::allocator<char>&)
                         0x800'24a9   0x18  Code  Gb  main.o [1]
std::_String_alloc<std::_String_base_types<char, std::allocator<char>>>::_String_alloc(const std::allocator<char>&) [subobject]
                         0x800'2285    0x8  Code  Gb  main.o [1]
std::_String_val<std::_Simple_types<char>>::_Myptr()
                         0x800'250d   0x12  Code  Gb  main.o [1]
std::_String_val<std::_Simple_types<char>>::_Myptr() const
                         0x800'274f   0x12  Code  Gb  main.o [1]
std::_String_val<std::_Simple_types<char>>::_String_val()
                         0x800'28e1    0xa  Code  Gb  main.o [1]
std::_Wrap_alloc<std::allocator<char>>::_Wrap_alloc(const std::allocator<char>&)
                         0x800'299b    0x2  Code  Gb  main.o [1]
std::_Wrap_alloc<std::allocator<char>>::_Wrap_alloc(const std::allocator<char>&) [subobject]
                         0x800'28d9    0x8  Code  Gb  main.o [1]
std::_Wrap_alloc<std::allocator<char>>::allocate(unsigned int)
                         0x800'2821    0x8  Code  Gb  main.o [1]
std::_Wrap_alloc<std::allocator<char>>::deallocate(char *, unsigned int)
                         0x800'24fd    0x8  Code  Gb  main.o [1]
std::_Wrap_alloc<std::allocator<char>>::max_size(std::_Nil) const
                         0x800'2819    0x8  Code  Gb  main.o [1]
std::_Wrap_facet<std::ctype<char>>::_Wrap_facet()
                         0x800'226d   0x18  Code  Gb  main.o [1]
std::_Wrap_facet<std::num_put<char, std::ostreambuf_iterator<char, std::char_traits<char>>>>::_Wrap_facet()
                         0x800'3201   0x18  Code  Gb  main.o [1]
std::_Wrap_facet<std::numpunct<char>>::_Wrap_facet()
                         0x800'234d   0x18  Code  Gb  main.o [1]
std::_Wrap_facet<std::numpunct<char>>::~_Wrap_facet()
                         0x800'3bf5    0xe  Code  Gb  main.o [1]
std::__iar_New_hand     0x2000'0174    0x4  Data  Gb  new.o [3]
std::__iar_cout_guard::~__iar_cout_guard()
                         0x800'3b91   0x14  Code  Gb  iostream_cout.o [3]
std::__nobasic_filebuf<char, std::char_traits<char>>::__nobasic_filebuf()
                         0x800'34c1   0x5c  Code  Gb  iostream_cout.o [3]
std::__nobasic_filebuf<char, std::char_traits<char>>::overflow(int)
                         0x800'388d   0x38  Code  Gb  iostream_cout.o [3]
std::allocator<char>::allocate(unsigned int)
                         0x800'2973    0xe  Code  Gb  main.o [1]
std::allocator<char>::deallocate(char *, unsigned int)
                         0x800'27d9    0xc  Code  Gb  main.o [1]
std::allocator<char>::max_size() const
                         0x800'29f5    0x6  Code  Gb  main.o [1]
std::allocator_traits<std::allocator<char>>::max_size(const std::allocator<char>&)
                         0x800'296b    0x8  Code  Gb  main.o [1]
std::char_traits<char>::assign(char &, char const &)
                         0x800'2731    0x6  Code  Gb  main.o [1]
std::char_traits<char>::assign(char *, unsigned int, char)
                         0x800'2737   0x10  Code  Gb  main.o [1]
std::char_traits<char>::copy(char *, char const *, unsigned int)
                         0x800'24eb   0x12  Code  Gb  main.o [1]
std::char_traits<char>::eq_int_type(int const &, int const &)
                         0x800'2793   0x12  Code  Gb  main.o [1]
std::char_traits<char>::length(char const *)
                         0x800'3ac9   0x12  Code  Gb  main.o [1]
std::char_traits<char>::move(char *, char const *, unsigned int)
                         0x800'23f3   0x12  Code  Gb  main.o [1]
std::char_traits<char>::to_int_type(char const &)
                         0x800'28d3    0x4  Code  Gb  main.o [1]
std::cout               0x2000'0094   0x2c  Data  Gb  iostream_cout.o [3]
std::ctype<char> const & std::use_facet<std::ctype<char>>()
                         0x800'2089   0x20  Code  Gb  main.o [1]
std::ctype<char> const & std::use_facet<std::ctype<char>>()::_MyFacet
                        0x2000'0168    0x4  Data  Gb  main.o [1]
std::ctype<char>::ctype()
                         0x800'27a5    0xc  Code  Gb  main.o [1]
std::ctype<char>::ctype() [subobject]
                         0x800'249f    0x8  Code  Gb  main.o [1]
std::ctype<char>::widen(char const *, char const *, char *) const
                         0x800'20e5   0x12  Code  Gb  main.o [1]
std::ctype<char>::widen(char) const
                         0x800'20a9    0x6  Code  Gb  main.o [1]
std::ios::clear(std::_Iosb<int>::_Iostate, bool)
                         0x800'321d   0x18  Code  Gb  main.o [1]
std::ios::fill() const   0x800'30cd    0x6  Code  Gb  main.o [1]
std::ios::rdbuf() const
                         0x800'30d3    0x4  Code  Gb  main.o [1]
std::ios::setstate(std::_Iosb<int>::_Iostate, bool)
                         0x800'3155   0x28  Code  Gb  main.o [1]
std::ios::tie() const    0x800'31a7    0x4  Code  Gb  main.o [1]
std::ios::widen(char) const
                         0x800'39e3   0x12  Code  Gb  main.o [1]
std::ios_base::_Addstd(std::ios_base*)
                         0x800'2ef1   0x36  Code  Gb  ios.o [3]
std::ios_base::_Callfns(std::ios_base::event)
                         0x800'2ed5   0x1c  Code  Gb  ios.o [3]
std::ios_base::_Init()   0x800'2f35   0x1c  Code  Gb  ios.o [3]
std::ios_base::_Tidy()   0x800'2f51   0x38  Code  Gb  ios.o [3]
std::ios_base::clear(std::_Iosb<int>::_Iostate, bool)
                         0x800'2e91   0x20  Code  Gb  ios.o [3]
std::ios_base::flags() const
                         0x800'205d    0x4  Code  Gb  main.o [1]
std::ios_base::good() const
                         0x800'3193   0x14  Code  Gb  main.o [1]
std::ios_base::precision() const
                         0x800'2d4d    0x4  Code  Gb  main.o [1]
std::ios_base::rdstate() const
                         0x800'3219    0x4  Code  Gb  main.o [1]
std::ios_base::width() const
                         0x800'21f3    0x4  Code  Gb  main.o [1]
std::ios_base::width(int)
                         0x800'2253    0x8  Code  Gb  main.o [1]
std::ios_base::~ios_base()
                         0x800'2eb1   0x24  Code  Gb  ios.o [3]
std::ios_base::~ios_base() [subobject]
                         0x800'2e85    0x2  Code  Gb  ios.o [3]
std::num_put<char, std::ostreambuf_iterator<char, std::char_traits<char>>> const & std::use_facet<std::num_put<char, std::ostreambuf_iterator<char, std::char_traits<char>>>>()
                         0x800'30ad   0x20  Code  Gb  main.o [1]
std::num_put<char, std::ostreambuf_iterator<char, std::char_traits<char>>> const & std::use_facet<std::num_put<char, std::ostreambuf_iterator<char, std::char_traits<char>>>>()::_MyFacet
                        0x2000'014c    0x4  Data  Gb  main.o [1]
std::num_put<char, std::ostreambuf_iterator<char, std::char_traits<char>>>::_Ffmt(char *, char, std::_Iosb<int>::_Fmtflags) const
                         0x800'2d71   0xd2  Code  Gb  main.o [1]
std::num_put<char, std::ostreambuf_iterator<char, std::char_traits<char>>>::_Fput(std::ostreambuf_iterator<char, std::char_traits<char>>, std::ios_base &, char, char const *, unsigned int, unsigned int, unsigned int, unsigned int) const
                         0x800'1db1  0x2ac  Code  Gb  main.o [1]
std::num_put<char, std::ostreambuf_iterator<char, std::char_traits<char>>>::_Fput(std::ostreambuf_iterator<char, std::char_traits<char>>, std::ios_base &, char, char const *, unsigned int, unsigned int, unsigned int, unsigned int) const::string
                         0x800'3c58    0x4  Data  Gb  main.o [1]
std::num_put<char, std::ostreambuf_iterator<char, std::char_traits<char>>>::_Fput(std::ostreambuf_iterator<char, std::char_traits<char>>, std::ios_base &, char, char const *, unsigned int, unsigned int, unsigned int, unsigned int) const::string (instance 2)
                         0x800'3c5c    0x4  Data  Gb  main.o [1]
std::num_put<char, std::ostreambuf_iterator<char, std::char_traits<char>>>::_Put(std::ostreambuf_iterator<char, std::char_traits<char>>, char const *, unsigned int) const
                         0x800'2225   0x2e  Code  Gb  main.o [1]
std::num_put<char, std::ostreambuf_iterator<char, std::char_traits<char>>>::_Rep(std::ostreambuf_iterator<char, std::char_traits<char>>, char, unsigned int) const
                         0x800'21f7   0x2e  Code  Gb  main.o [1]
std::num_put<char, std::ostreambuf_iterator<char, std::char_traits<char>>>::do_put(std::ostreambuf_iterator<char, std::char_traits<char>>, std::ios_base &, char, double) const
                         0x800'2bc1  0x18c  Code  Gb  main.o [1]
std::num_put<char, std::ostreambuf_iterator<char, std::char_traits<char>>>::num_put()
                         0x800'32f1    0xc  Code  Gb  main.o [1]
std::num_put<char, std::ostreambuf_iterator<char, std::char_traits<char>>>::num_put() [subobject]
                         0x800'3283    0x8  Code  Gb  main.o [1]
std::num_put<char, std::ostreambuf_iterator<char, std::char_traits<char>>>::put(std::ostreambuf_iterator<char, std::char_traits<char>>, std::ios_base &, char, double) const
                         0x800'3129   0x20  Code  Gb  main.o [1]
std::numpunct<char> const & std::use_facet<std::numpunct<char>>()
                         0x800'20f9   0x30  Code  Gb  main.o [1]
std::numpunct<char> const & std::use_facet<std::numpunct<char>>()::_MyFacet
                        0x2000'0138   0x14  Data  Gb  main.o [1]
std::numpunct<char>::_Init(bool)
                         0x800'28f5   0x70  Code  Gb  main.o [1]
std::numpunct<char>::_Init(bool)::string
                         0x800'1426    0x1  Data  Gb  main.o [1]
std::numpunct<char>::_Init(bool)::string (instance 2)
                         0x800'3c30    0x8  Data  Gb  main.o [1]
std::numpunct<char>::_Init(bool)::string (instance 3)
                         0x800'3c38    0x8  Data  Gb  main.o [1]
std::numpunct<char>::_Tidy()
                         0x800'3b75   0x18  Code  Gb  main.o [1]
std::numpunct<char>::decimal_point() const
                         0x800'21d3    0xa  Code  Gb  main.o [1]
std::numpunct<char>::do_decimal_point() const
                         0x800'3c61    0x4  Code  Gb  main.o [1]
std::numpunct<char>::do_grouping() const
                         0x800'3c25    0xa  Code  Gb  main.o [1]
std::numpunct<char>::do_thousands_sep() const
                         0x800'3c65    0x4  Code  Gb  main.o [1]
std::numpunct<char>::grouping() const
                         0x800'2129    0xa  Code  Gb  main.o [1]
std::numpunct<char>::numpunct()
                         0x800'27e9   0x28  Code  Gb  main.o [1]
std::numpunct<char>::numpunct() [subobject]
                         0x800'251f    0x8  Code  Gb  main.o [1]
std::numpunct<char>::thousands_sep() const
                         0x800'2133    0xa  Code  Gb  main.o [1]
std::numpunct<char>::~numpunct()
                         0x800'3b5d   0x18  Code  Gb  main.o [1]
std::numpunct<char>::~numpunct() [subobject]
                         0x800'3c03    0x8  Code  Gb  main.o [1]
std::operator &(std::_Iosb<int>::_Fmtflags, std::_Iosb<int>::_Fmtflags)
                         0x800'2061    0x6  Code  Gb  main.o [1]
std::operator |=(std::_Iosb<int>::_Iostate &, std::_Iosb<int>::_Iostate)
                         0x800'314d    0x8  Code  Gb  main.o [1]
std::ostream & std::endl<char, std::char_traits<char>>(std::ostream &)
                         0x800'39b5   0x2e  Code  Gb  main.o [1]
std::ostream::_Flush_sentry::_Flush_sentry(std::ostream&)
                         0x800'323d   0x28  Code  Gb  main.o [1]
std::ostream::_Flush_sentry::_Flush_sentry(std::ostream&) [subobject]
                         0x800'318b    0x8  Code  Gb  main.o [1]
std::ostream::_Flush_sentry::operator bool() const
                         0x800'30a7    0x4  Code  Gb  main.o [1]
std::ostream::_Flush_sentry::~_Flush_sentry()
                         0x800'326f   0x14  Code  Gb  main.o [1]
std::ostream::_Flush_sentry::~_Flush_sentry() [subobject]
                         0x800'3235    0x8  Code  Gb  main.o [1]
std::ostream::_Osfx()    0x800'3293   0x54  Code  Gb  main.o [1]
std::ostream::_Sentry_base::_Sentry_base(std::ostream&)
                         0x800'32fd   0x48  Code  Gb  main.o [1]
std::ostream::_Sentry_base::_Sentry_base(std::ostream&) [subobject]
                         0x800'328b    0x8  Code  Gb  main.o [1]
std::ostream::_Sentry_base::~_Sentry_base()
                         0x800'3345   0x46  Code  Gb  main.o [1]
std::ostream::_Sentry_base::~_Sentry_base() [subobject]
                         0x800'32e7    0x8  Code  Gb  main.o [1]
std::ostream::flush()    0x800'31ab   0x54  Code  Gb  main.o [1]
std::ostream::operator <<(float)
                         0x800'2f8d   0xa8  Code  Gb  main.o [1]
std::ostream::operator <<(std::ostream&(*)(std::ostream&))
                         0x800'36ed    0x6  Code  Gb  main.o [1]
std::ostream::put(char)
                         0x800'370b   0x76  Code  Gb  main.o [1]
std::ostream::sentry::sentry(std::ostream&)
                         0x800'3035   0x72  Code  Gb  main.o [1]
std::ostream::sentry::~sentry()
                         0x800'317d    0xe  Code  Gb  main.o [1]
std::ostream::~basic_ostream()
                         0x800'3c0b    0xe  Code  Gb  iostream_cout.o [3]
std::ostreambuf_iterator<char, std::char_traits<char>>::failed() const
                         0x800'3149    0x4  Code  Gb  main.o [1]
std::ostreambuf_iterator<char, std::char_traits<char>>::operator *()
                         0x800'246d    0x2  Code  Gb  main.o [1]
std::ostreambuf_iterator<char, std::char_traits<char>>::operator ++()
                         0x800'249d    0x2  Code  Gb  main.o [1]
std::ostreambuf_iterator<char, std::char_traits<char>>::operator =(char)
                         0x800'246f   0x2e  Code  Gb  main.o [1]
std::ostreambuf_iterator<char, std::char_traits<char>>::ostreambuf_iterator(std::streambuf *)
                         0x800'30d7    0x8  Code  Gb  main.o [1]
std::remove_reference<char *&>::type && std::move<char *&>(char *& &&)
                         0x800'2829    0x2  Code  Gb  main.o [1]
std::streambuf::_Lock()
                         0x800'128b    0x2  Code  Gb  iostream_cout.o [3]
std::streambuf::_Pnavail() const
                         0x800'28ad   0x18  Code  Gb  main.o [1]
std::streambuf::_Pninc()
                         0x800'28c5    0xe  Code  Gb  main.o [1]
std::streambuf::_Unlock()
                         0x800'13c7    0x2  Code  Gb  iostream_cout.o [3]
std::streambuf::overflow(int)
                         0x800'11b7    0x6  Code  Gb  iostream_cout.o [3]
std::streambuf::pubsync()
                         0x800'3265    0xa  Code  Gb  main.o [1]
std::streambuf::sputc(char)
                         0x800'2761   0x32  Code  Gb  main.o [1]
std::streambuf::sync()   0x800'3c69    0x4  Code  Gb  iostream_cout.o [3]
std::string::_Chassign(unsigned int, unsigned int, char)
                         0x800'2405   0x2a  Code  Gb  main.o [1]
std::string::_Copy(unsigned int, unsigned int)
                         0x800'25e1   0xd6  Code  Gb  main.o [1]
std::string::_Eos(unsigned int)
                         0x800'242f   0x28  Code  Gb  main.o [1]
std::string::_Grow(unsigned int, bool)
                         0x800'2379   0x7a  Code  Gb  main.o [1]
std::string::_Inside(char const *)
                         0x800'37d3   0x32  Code  Gb  main.o [1]
std::string::_Tidy(bool, unsigned int)
                         0x800'228d   0x7a  Code  Gb  main.o [1]
std::string::assign(char const *)
                         0x800'3ab1   0x18  Code  Gb  main.o [1]
std::string::assign(char const *, unsigned int)
                         0x800'3781   0x52  Code  Gb  main.o [1]
std::string::assign(const std::string&, unsigned int, unsigned int)
                         0x800'351d   0x7c  Code  Gb  main.o [1]
std::string::assign(unsigned int, char)
                         0x800'2307   0x3a  Code  Gb  main.o [1]
std::string::basic_string(char const *)
                         0x800'3a8d   0x24  Code  Gb  main.o [1]
std::string::basic_string(unsigned int, char)
                         0x800'20af   0x2a  Code  Gb  main.o [1]
std::string::erase(unsigned int)
                         0x800'3599   0x22  Code  Gb  main.o [1]
std::string::erase(unsigned int, unsigned int)
                         0x800'35bb   0x6c  Code  Gb  main.o [1]
std::string::insert(unsigned int, unsigned int, char)
                         0x800'213d   0x96  Code  Gb  main.o [1]
std::string::max_size() const
                         0x800'25c9   0x18  Code  Gb  main.o [1]
std::string::operator [](unsigned int)
                         0x800'20d9    0xc  Code  Gb  main.o [1]
std::string::operator [](unsigned int) const
                         0x800'21dd    0xc  Code  Gb  main.o [1]
std::string::size() const
                         0x800'21e9    0xa  Code  Gb  main.o [1]
std::string::~basic_string()
                         0x800'225b   0x12  Code  Gb  main.o [1]
strchr                   0x800'1025         Code  Gb  strchr.o [5]
strcspn                  0x800'2067   0x22  Code  Gb  strcspn.o [2]
strlen                   0x800'10a9         Code  Gb  strlen.o [5]
system                   0x800'36f3   0x18  Code  Gb  system.o [6]
ttio_guard              0x2000'0183    0x1  Data  Lc  XShttio.o [2]
void std::_Deallocate<char>(char *, unsigned int)
                         0x800'28ed    0x8  Code  Gb  main.o [1]
void std::_Wrap_alloc<std::allocator<char>>::construct<char *, char *>(char * *, char * &&...)
                         0x800'282b   0x18  Code  Gb  main.o [1]
void std::_Wrap_alloc<std::allocator<char>>::destroy<char *>(char * *)
                         0x800'24db    0x8  Code  Gb  main.o [1]
void std::allocator<char>::construct<char *, char *>(char * *, char * &&...)
                         0x800'2a0d   0x20  Code  Gb  main.o [1]
void std::allocator<char>::destroy<char *>(char * *)
                         0x800'28eb    0x2  Code  Gb  main.o [1]
void std::allocator_traits<std::allocator<char>>::construct<char *, char *>(std::allocator<char>&, char * *, char * &&...)
                         0x800'2983   0x18  Code  Gb  main.o [1]
void std::allocator_traits<std::allocator<char>>::destroy<char *>(std::allocator<char>&, char * *)
                         0x800'27cf    0x8  Code  Gb  main.o [1]
void std::numpunct<char>::_Getvals<char>(char)
                         0x800'29db   0x1a  Code  Gb  main.o [1]


[1] = C:\Users\735_mdi\Documents\IAR_Projects\HelloWorldProject\Debug\Obj
[2] = dl7M_tln.a
[3] = dlpp7M_tl_nc.a
[4] = m7M_tl.a
[5] = rt7M_tl.a
[6] = shb_l.a

  14'947 bytes of readonly  code memory
     521 bytes of readonly  data memory
  13'096 bytes of readwrite data memory

Errors: none
Warnings: none
